// Jest Snapshot v1, https://goo.gl/fbAQLP

exports[`SocialBar component renders the component 1`] = `
<div>
  <div
    class="carousel carousel slide"
  >
    <div
      class="carousel-indicators"
    >
      <button
        aria-current="true"
        aria-label="Slide 1"
        class="active"
        data-bs-target=""
        type="button"
      />
      <button
        aria-current="false"
        aria-label="Slide 2"
        data-bs-target=""
        type="button"
      />
      <button
        aria-current="false"
        aria-label="Slide 3"
        data-bs-target=""
        type="button"
      />
    </div>
    <div
      class="carousel-inner"
    >
      <div
        class="active carousel-item"
      >
        <span
          style="box-sizing: border-box; display: inline-block; overflow: hidden; background: none; opacity: 1; border: 0px; margin: 0px; padding: 0px; position: relative; max-width: 100%;"
        >
          <span
            style="box-sizing: border-box; display: block; background: none; opacity: 1; border: 0px; margin: 0px; padding: 0px; max-width: 100%;"
          >
            <img
              alt=""
              aria-hidden="true"
              src="data:image/svg+xml,%3csvg%20xmlns=%27http://www.w3.org/2000/svg%27%20version=%271.1%27%20width=%271200%27%20height=%27900%27/%3e"
              style="display: block; max-width: 100%; background: none; opacity: 1; border: 0px; margin: 0px; padding: 0px;"
            />
          </span>
          <img
            alt="Photo of Mission Mike playing videogames with his three children. Sitting at a computer desk with a green screen behind them."
            data-nimg="intrinsic"
            decoding="async"
            src="data:image/gif;base64,R0lGODlhAQABAIAAAAAAAP///yH5BAEAAAAALAAAAAABAAEAAAIBRAA7"
            style="position: absolute; top: 0px; left: 0px; bottom: 0px; right: 0px; box-sizing: border-box; padding: 0px; margin: auto; display: block; width: 0px; height: 0px; min-width: 100%; max-width: 100%; min-height: 100%; max-height: 100%;"
          />
          <noscript />
        </span>
        <div
          class="carousel-caption"
        >
          <p>
            Playing video games with my kids and recording our gameplay together is my fav!! Learn about our channels Mikey & Daddy and Sleepy Slawth Gaming.
          </p>
        </div>
      </div>
      <div
        class="carousel-item"
      >
        <span
          style="box-sizing: border-box; display: inline-block; overflow: hidden; background: none; opacity: 1; border: 0px; margin: 0px; padding: 0px; position: relative; max-width: 100%;"
        >
          <span
            style="box-sizing: border-box; display: block; background: none; opacity: 1; border: 0px; margin: 0px; padding: 0px; max-width: 100%;"
          >
            <img
              alt=""
              aria-hidden="true"
              src="data:image/svg+xml,%3csvg%20xmlns=%27http://www.w3.org/2000/svg%27%20version=%271.1%27%20width=%271200%27%20height=%27900%27/%3e"
              style="display: block; max-width: 100%; background: none; opacity: 1; border: 0px; margin: 0px; padding: 0px;"
            />
          </span>
          <img
            alt="Photo of Mission Mike and his two office dogs, Maximus and Magnus lying on the floor in front of the desk."
            data-nimg="intrinsic"
            decoding="async"
            src="data:image/gif;base64,R0lGODlhAQABAIAAAAAAAP///yH5BAEAAAAALAAAAAABAAEAAAIBRAA7"
            style="position: absolute; top: 0px; left: 0px; bottom: 0px; right: 0px; box-sizing: border-box; padding: 0px; margin: auto; display: block; width: 0px; height: 0px; min-width: 100%; max-width: 100%; min-height: 100%; max-height: 100%;"
          />
          <noscript />
        </span>
        <div
          class="carousel-caption"
        >
          <p>
            I spend the workday coding with my trusty office doggos, Maximus (left) and Magnus. Sometimes their snoring can be overheard during Zoom meetings.
          </p>
        </div>
      </div>
      <div
        class="carousel-item"
      >
        <span
          style="box-sizing: border-box; display: inline-block; overflow: hidden; background: none; opacity: 1; border: 0px; margin: 0px; padding: 0px; position: relative; max-width: 100%;"
        >
          <span
            style="box-sizing: border-box; display: block; background: none; opacity: 1; border: 0px; margin: 0px; padding: 0px; max-width: 100%;"
          >
            <img
              alt=""
              aria-hidden="true"
              src="data:image/svg+xml,%3csvg%20xmlns=%27http://www.w3.org/2000/svg%27%20version=%271.1%27%20width=%271200%27%20height=%27900%27/%3e"
              style="display: block; max-width: 100%; background: none; opacity: 1; border: 0px; margin: 0px; padding: 0px;"
            />
          </span>
          <img
            alt="Mike eating breakfast with his wife Yohana and their children."
            data-nimg="intrinsic"
            decoding="async"
            src="data:image/gif;base64,R0lGODlhAQABAIAAAAAAAP///yH5BAEAAAAALAAAAAABAAEAAAIBRAA7"
            style="position: absolute; top: 0px; left: 0px; bottom: 0px; right: 0px; box-sizing: border-box; padding: 0px; margin: auto; display: block; width: 0px; height: 0px; min-width: 100%; max-width: 100%; min-height: 100%; max-height: 100%;"
          />
          <noscript />
        </span>
        <div
          class="carousel-caption"
        >
          <p>
            My family is my ❤️... Everything I do, I do for them. Their wellbeing is my mission.
          </p>
        </div>
      </div>
    </div>
    <a
      class="carousel-control-prev"
      href="#"
      role="button"
      tabindex="0"
    >
      <span
        aria-hidden="true"
        class="carousel-control-prev-icon"
      />
      <span
        class="visually-hidden"
      >
        Previous
      </span>
    </a>
    <a
      class="carousel-control-next"
      href="#"
      role="button"
      tabindex="0"
    >
      <span
        aria-hidden="true"
        class="carousel-control-next-icon"
      />
      <span
        class="visually-hidden"
      >
        Next
      </span>
    </a>
  </div>
</div>
`;
