// Jest Snapshot v1, https://goo.gl/fbAQLP

exports[`SocialBar component renders the component 1`] = `
<div>
  <div
    class="carousel carousel slide"
  >
    <div
      class="carousel-indicators"
    >
      <button
        aria-current="true"
        aria-label="Slide 1"
        class="active"
        data-bs-target=""
        type="button"
      />
      <button
        aria-current="false"
        aria-label="Slide 2"
        data-bs-target=""
        type="button"
      />
      <button
        aria-current="false"
        aria-label="Slide 3"
        data-bs-target=""
        type="button"
      />
    </div>
    <div
      class="carousel-inner"
    >
      <div
        class="active carousel-item"
      >
        <img
          alt="Photo of Mission Mike playing videogames with his three children. Sitting at a computer desk with a green screen behind them."
          data-nimg="1"
          decoding="async"
          height="900"
          loading="lazy"
          src="/_next/image?url=%2Fstatic%2Fimages%2Ffamily-gaming.jpg&w=3840&q=75"
          srcset="/_next/image?url=%2Fstatic%2Fimages%2Ffamily-gaming.jpg&w=1200&q=75 1x, /_next/image?url=%2Fstatic%2Fimages%2Ffamily-gaming.jpg&w=3840&q=75 2x"
          style="color: transparent;"
          width="1200"
        />
        <div
          class="carousel-caption"
        >
          <p>
            Playing video games with my kids and recording our gameplay together is my fav!! Check out our YouTube channels
             
            <a
              href="https://www.youtube.com/@MikeyNDaddy"
              rel="noopener noreferrer"
              target="_blank"
            >
              Mikey & Daddy
            </a>
             
            and
             
            <a
              href="https://www.youtube.com/@sleepyslawths"
              rel="noopener noreferrer"
              target="_blank"
            >
              Sleepy Slawths
            </a>
            .
          </p>
        </div>
      </div>
      <div
        class="carousel-item"
      >
        <img
          alt="Photo of Mission Mike and his two office dogs, Maximus and Magnus lying on the floor in front of the desk."
          data-nimg="1"
          decoding="async"
          height="900"
          loading="lazy"
          src="/_next/image?url=%2Fstatic%2Fimages%2Foffice-dogs.jpg&w=3840&q=75"
          srcset="/_next/image?url=%2Fstatic%2Fimages%2Foffice-dogs.jpg&w=1200&q=75 1x, /_next/image?url=%2Fstatic%2Fimages%2Foffice-dogs.jpg&w=3840&q=75 2x"
          style="color: transparent;"
          width="1200"
        />
        <div
          class="carousel-caption"
        >
          <p>
            I spend the workday coding with my trusty office doggos, Maximus (left) and Magnus. Sometimes I fear their snoring can be overheard during Zoom meetings.
          </p>
        </div>
      </div>
      <div
        class="carousel-item"
      >
        <img
          alt="Mike eating breakfast with his wife Yohana and their children."
          data-nimg="1"
          decoding="async"
          height="900"
          loading="lazy"
          src="/_next/image?url=%2Fstatic%2Fimages%2Ffamily-breakfast.jpg&w=3840&q=75"
          srcset="/_next/image?url=%2Fstatic%2Fimages%2Ffamily-breakfast.jpg&w=1200&q=75 1x, /_next/image?url=%2Fstatic%2Fimages%2Ffamily-breakfast.jpg&w=3840&q=75 2x"
          style="color: transparent;"
          width="1200"
        />
        <div
          class="carousel-caption"
        >
          <p>
            My family is my ❤️... Everything I do, I do for them. Their wellbeing is my mission.
          </p>
        </div>
      </div>
    </div>
    <a
      class="carousel-control-prev"
      href="#"
      role="button"
      tabindex="0"
    >
      <span
        aria-hidden="true"
        class="carousel-control-prev-icon"
      />
      <span
        class="visually-hidden"
      >
        Previous
      </span>
    </a>
    <a
      class="carousel-control-next"
      href="#"
      role="button"
      tabindex="0"
    >
      <span
        aria-hidden="true"
        class="carousel-control-next-icon"
      />
      <span
        class="visually-hidden"
      >
        Next
      </span>
    </a>
  </div>
</div>
`;
